// Jest Snapshot v1, https://goo.gl/fbAQLP

exports[`<TabView /> matches snapshot 1`] = `
<DocumentFragment>
  <div
    class="css-1788elh"
  >
    <div
      class="css-zxjiyd-TabHeaders"
    >
      <div
        tabindex="0"
      >
        <span
          class="css-gvuyi4"
        >
          Tab 1
        </span>
      </div>
      <div
        tabindex="0"
      >
        <span
          class="css-qmn0xh"
        >
          Tab 2
        </span>
      </div>
    </div>
    <div
      class="css-1036lci-TabHeaders"
      style="width: 50%;"
    />
    <div
      class="css-1lr5315"
    >
      <div>
        tab 1 content
      </div>
    </div>
  </div>
</DocumentFragment>
`;
