// Jest Snapshot v1, https://goo.gl/fbAQLP

exports[`<ResultBox /> matches snapshot 1`] = `
<DocumentFragment>
  <div
    class="css-bxgqq5-ResultBox"
  >
    <div
      class="css-115y57d-TabView"
    >
      <div
        class="css-zxjiyd-TabHeaders"
      >
        <div
          tabindex="0"
        >
          <span
            class="css-n9ujjh-TabHeaders"
          >
            Summary
          </span>
        </div>
        <div
          tabindex="0"
        >
          <span
            class="css-1pqaqeh-TabHeaders"
          >
            Dependency Tree
          </span>
        </div>
      </div>
      <div
        class="css-1036lci-TabHeaders"
        style="width: 50%;"
      />
      <div
        class="css-d8oeyd-TabView"
      >
        <div
          class="css-12j8ocv-Info"
        >
          <span>
            <a
              class="css-tgm9kd-TextLink"
              href="https://www.npmjs.com/package//v/"
              target="_blank"
            >
              @
            </a>
             defines 
            <b>
              0 direct dependencies
            </b>
             which explode into 
            <b>
              0 dependencies overall
            </b>
            , resulting in 
            <b>
              0 distinct dependencies
            </b>
            .
          </span>
        </div>
      </div>
    </div>
    <h2>
      Results
    </h2>
    <div
      class="css-d6el3m-Divider"
      style="margin: 1rem 0px;"
    />
    <div
      class="css-ziu505-ResultsTable"
    >
      <div>
        Your Guess:
      </div>
      <span
        class="css-1lpv6qu-Num"
      >
        23
      </span>
      <div>
        Actual:
      </div>
      <span
        class="css-1lpv6qu-Num"
      >
        45
      </span>
    </div>
    <div
      class="css-d6el3m-Divider"
      style="margin: 1rem 0px;"
    />
    <div
      class="css-n1n72v-ResultBox"
    >
      You were off by 
      <span
        class="css-1lpv6qu-Num"
      >
        22
      </span>
    </div>
  </div>
</DocumentFragment>
`;
