// Jest Snapshot v1, https://goo.gl/fbAQLP

exports[`<ResultBox /> matches snapshot 1`] = `
<DocumentFragment>
  <div
    class="css-7emoiw"
  >
    <div
      class="css-1788elh"
    >
      <div
        class="css-zxjiyd-TabHeaders"
      >
        <div
          class="css-1gfx7cl"
          tabindex="0"
        >
          <span
            class="css-gvuyi4"
          >
            Summary
          </span>
        </div>
        <div
          class="css-1gfx7cl"
          tabindex="0"
        >
          <span
            class="css-qmn0xh"
          >
            Dependency Tree
          </span>
        </div>
      </div>
      <div
        class="css-1036lci-TabHeaders"
        style="width: 50%;"
      />
      <div
        class="css-1lr5315"
      >
        <div
          class="css-1cwnpiq"
        >
          <span>
            <a
              class="css-1ka21sq"
              href="https://www.npmjs.com/package//v/"
              target="_blank"
            >
              @
            </a>
             defines 
            <b>
              0 direct dependencies
            </b>
             which explode into 
            <b>
              0 dependencies overall
            </b>
            , resulting in 
            <b>
              0 distinct dependencies
            </b>
            .
          </span>
        </div>
      </div>
    </div>
    <h2>
      Results
    </h2>
    <div
      class="css-khmwet"
      style="margin: 1rem 0px;"
    />
    <div
      class="css-1xvm6s7"
    >
      <div>
        Your Guess:
      </div>
      <span
        class="css-1naol83"
      >
        23
      </span>
      <div>
        Actual:
      </div>
      <span
        class="css-1naol83"
      >
        45
      </span>
    </div>
    <div
      class="css-khmwet"
      style="margin: 1rem 0px;"
    />
    <div
      class="css-ziif3o"
    >
      You were off by 
      <span
        class="css-1naol83"
      >
        22
      </span>
    </div>
  </div>
</DocumentFragment>
`;
