// Jest Snapshot v1, https://goo.gl/fbAQLP

exports[`<Footer /> matches snapshot 1`] = `
<DocumentFragment>
  <div
    class="css-138a4w9-Footer"
  >
    <span>
      hecho con ♥️ por 
      <a
        class="css-1ka21sq"
        href="https://twitter.com/tmkndev"
      >
        @tmkndev
      </a>
    </span>
  </div>
</DocumentFragment>
`;
