// Jest Snapshot v1, https://goo.gl/fbAQLP

exports[`<App /> matches snapshot 1`] = `
<DocumentFragment>
  <div
    class="css-denbe-Header"
  >
    <a
      href="/"
    >
      <div
        class="css-bof962-Header"
      >
        npmb
        <span
          class="css-1bxjuaj-Header"
        >
          💣
        </span>
        mb
      </div>
    </a>
    <div
      class="css-fz30dm-Header"
    >
      Guess NPM dependencies
    </div>
  </div>
  <div
    class="css-36v4m2-Content"
  >
    <div
      class="css-3f2zt9-Center"
    >
      <div
        class="css-1k3y3xi"
      >
        <div />
        <div />
      </div>
    </div>
  </div>
  <div
    class="css-138a4w9-Footer"
  >
    <span>
      hecho con ♥️ por 
      <a
        class="css-tgm9kd-TextLink"
        href="https://twitter.com/tmkndev"
        target="_blank"
      >
        @tmkndev
      </a>
    </span>
  </div>
</DocumentFragment>
`;
